2026-09-11 08:56:12,490 p=27827 u=cornel n=ansible INFO| ansible-playbook [core 2.20.1]
  config file = /home/cornel/ansible-api-module/ansible.cfg
  configured module search path = ['/home/cornel/ansible-api-module/library']
  ansible python module location = /usr/lib/python3/dist-packages/ansible
  ansible collection location = /home/cornel/.ansible/collections:/usr/share/ansible/collections
  executable location = /usr/bin/ansible-playbook
  python version = 3.14.4 (main, Aug 20 2026, 10:41:58) [GCC 15.2.0] (/usr/bin/python3)
  jinja version = 3.1.6
  pyyaml version = 6.0.3 (with libyaml v0.2.5)
2026-09-11 08:56:12,490 p=27827 u=cornel n=ansible INFO| Using /home/cornel/ansible-api-module/ansible.cfg as config file
2026-09-11 08:56:12,522 p=27827 u=cornel n=ansible INFO| host_list declined parsing /etc/ansible/hosts as it did not pass its verify_file() method
2026-09-11 08:56:12,522 p=27827 u=cornel n=ansible INFO| Skipping due to inventory source not existing or not being readable by the current user
2026-09-11 08:56:12,522 p=27827 u=cornel n=ansible INFO| script declined parsing /etc/ansible/hosts as it did not pass its verify_file() method
2026-09-11 08:56:12,522 p=27827 u=cornel n=ansible INFO| auto declined parsing /etc/ansible/hosts as it did not pass its verify_file() method
2026-09-11 08:56:12,522 p=27827 u=cornel n=ansible INFO| Skipping due to inventory source not existing or not being readable by the current user
2026-09-11 08:56:12,522 p=27827 u=cornel n=ansible INFO| yaml declined parsing /etc/ansible/hosts as it did not pass its verify_file() method
2026-09-11 08:56:12,522 p=27827 u=cornel n=ansible INFO| Skipping due to inventory source not existing or not being readable by the current user
2026-09-11 08:56:12,522 p=27827 u=cornel n=ansible INFO| ini declined parsing /etc/ansible/hosts as it did not pass its verify_file() method
2026-09-11 08:56:12,522 p=27827 u=cornel n=ansible INFO| Skipping due to inventory source not existing or not being readable by the current user
2026-09-11 08:56:12,522 p=27827 u=cornel n=ansible INFO| toml declined parsing /etc/ansible/hosts as it did not pass its verify_file() method
2026-09-11 08:56:12,522 p=27827 u=cornel n=ansible WARNING| [WARNING]: No inventory was parsed, only implicit localhost is available

2026-09-11 08:56:12,524 p=27827 u=cornel n=ansible WARNING| [WARNING]: provided hosts list is empty, only localhost is available. Note that the implicit localhost does not match 'all'

2026-09-11 08:56:12,612 p=27827 u=cornel n=ansible INFO| Skipping callback 'minimal', as we already have a stdout callback.
2026-09-11 08:56:12,612 p=27827 u=cornel n=ansible INFO| Skipping callback 'oneline', as we already have a stdout callback.
2026-09-11 08:56:12,612 p=27827 u=cornel n=ansible INFO| PLAYBOOK: simple_users_test.yml ******************************************************************************************************************************************************************************************************************************
2026-09-11 08:56:12,612 p=27827 u=cornel n=ansible INFO| 1 plays in simple_users_test.yml
2026-09-11 08:56:12,613 p=27827 u=cornel n=ansible INFO| PLAY [localhost] *********************************************************************************************************************************************************************************************************************************************
2026-09-11 08:56:12,616 p=27827 u=cornel n=ansible INFO| TASK [POST - Create multiple users sequentially] *************************************************************************************************************************************************************************************************************
2026-09-11 08:56:12,616 p=27827 u=cornel n=ansible INFO| task path: /home/cornel/ansible-api-module/simple_users_test.yml:28
2026-09-11 08:56:12,632 p=27827 u=cornel n=ansible INFO| <127.0.0.1> ESTABLISH LOCAL CONNECTION FOR USER: cornel
2026-09-11 08:56:12,632 p=27827 u=cornel n=ansible INFO| <127.0.0.1> EXEC /bin/sh -c 'echo ~cornel && sleep 0'
2026-09-11 08:56:12,636 p=27827 u=cornel n=ansible INFO| <127.0.0.1> EXEC /bin/sh -c '( umask 77 && mkdir -p "` echo /home/cornel/.ansible/tmp `"&& mkdir "` echo /home/cornel/.ansible/tmp/ansible-tmp-1789106172.6361678-27831-104274305946477 `" && echo ansible-tmp-1789106172.6361678-27831-104274305946477="` echo /home/cornel/.ansible/tmp/ansible-tmp-1789106172.6361678-27831-104274305946477 `" ) && sleep 0'
2026-09-11 08:56:12,702 p=27827 u=cornel n=ansible INFO| Using module file /home/cornel/ansible-api-module/library/my_api.py
2026-09-11 08:56:12,702 p=27827 u=cornel n=ansible INFO| <127.0.0.1> PUT /home/cornel/.ansible/tmp/ansible-local-27827p8vm3lff/tmp4rl4l4tc TO /home/cornel/.ansible/tmp/ansible-tmp-1789106172.6361678-27831-104274305946477/AnsiballZ_my_api.py
2026-09-11 08:56:12,702 p=27827 u=cornel n=ansible INFO| <127.0.0.1> EXEC /bin/sh -c 'chmod u+rwx /home/cornel/.ansible/tmp/ansible-tmp-1789106172.6361678-27831-104274305946477/ /home/cornel/.ansible/tmp/ansible-tmp-1789106172.6361678-27831-104274305946477/AnsiballZ_my_api.py && sleep 0'
2026-09-11 08:56:12,707 p=27827 u=cornel n=ansible INFO| <127.0.0.1> EXEC /bin/sh -c '/usr/bin/python3 /home/cornel/.ansible/tmp/ansible-tmp-1789106172.6361678-27831-104274305946477/AnsiballZ_my_api.py && sleep 0'
2026-09-11 08:56:13,077 p=27827 u=cornel n=ansible INFO| <127.0.0.1> EXEC /bin/sh -c 'rm -f -r /home/cornel/.ansible/tmp/ansible-tmp-1789106172.6361678-27831-104274305946477/ > /dev/null 2>&1 && sleep 0'
2026-09-11 08:56:13,082 p=27827 u=cornel n=ansible INFO| changed: [localhost] => (item={'username': 'john_doe', 'first_name': 'John', 'last_name': 'Doe', 'email': 'john.doe@alienware.loc', 'is_superuser': False}) => {
    "ansible_loop_var": "item",
    "changed": true,
    "invocation": {
        "module_args": {
            "api_version": "api/v2",
            "auto_pagination": false,
            "base_url": "https://tower.alienware.loc",
            "data": {
                "email": "john.doe@alienware.loc",
                "first_name": "John",
                "is_superuser": false,
                "is_system_auditor": false,
                "last_name": "Doe",
                "password": "InitialSecurePassword2026!",
                "username": "john_doe"
            },
            "dump_structure": false,
            "endpoint": "/users/",
            "max_retries": 3,
            "method": "POST",
            "password": "VALUE_SPECIFIED_IN_NO_LOG_PARAMETER",
            "retry_delay": 5,
            "token": null,
            "username": "admin",
            "validate_certs": false
        }
    },
    "item": {
        "email": "john.doe@alienware.loc",
        "first_name": "John",
        "is_superuser": false,
        "last_name": "Doe",
        "username": "john_doe"
    },
    "json": {
        "auth": [],
        "created": "2026-09-11T05:56:12.963272Z",
        "email": "john.doe@alienware.loc",
        "external_account": null,
        "first_name": "John",
        "id": 3,
        "is_superuser": false,
        "is_system_auditor": false,
        "last_login": null,
        "last_name": "Doe",
        "ldap_dn": "",
        "modified": null,
        "password": "$encrypted$",
        "related": {
            "access_list": "/api/v2/users/3/access_list/",
            "activity_stream": "/api/v2/users/3/activity_stream/",
            "admin_of_organizations": "/api/v2/users/3/admin_of_organizations/",
            "authorized_tokens": "/api/v2/users/3/authorized_tokens/",
            "credentials": "/api/v2/users/3/credentials/",
            "named_url": "/api/v2/users/john_doe/",
            "organizations": "/api/v2/users/3/organizations/",
            "personal_tokens": "/api/v2/users/3/personal_tokens/",
            "projects": "/api/v2/users/3/projects/",
            "roles": "/api/v2/users/3/roles/",
            "teams": "/api/v2/users/3/teams/",
            "tokens": "/api/v2/users/3/tokens/"
        },
        "summary_fields": {
            "resource": {
                "ansible_id": "d4cc6df1-ceb5-429d-a8fb-37f6d2e547b5",
                "resource_type": "shared.user"
            },
            "user_capabilities": {
                "delete": true,
                "edit": true
            }
        },
        "type": "user",
        "url": "/api/v2/users/3/",
        "username": "john_doe"
    },
    "meta": null,
    "status": 201
}
2026-09-11 08:56:13,084 p=27827 u=cornel n=ansible INFO| <127.0.0.1> EXEC /bin/sh -c 'echo ~cornel && sleep 0'
2026-09-11 08:56:13,087 p=27827 u=cornel n=ansible INFO| <127.0.0.1> EXEC /bin/sh -c '( umask 77 && mkdir -p "` echo /home/cornel/.ansible/tmp `"&& mkdir "` echo /home/cornel/.ansible/tmp/ansible-tmp-1789106173.0877583-27831-29029058878690 `" && echo ansible-tmp-1789106173.0877583-27831-29029058878690="` echo /home/cornel/.ansible/tmp/ansible-tmp-1789106173.0877583-27831-29029058878690 `" ) && sleep 0'
2026-09-11 08:56:13,095 p=27827 u=cornel n=ansible INFO| Using module file /home/cornel/ansible-api-module/library/my_api.py
2026-09-11 08:56:13,095 p=27827 u=cornel n=ansible INFO| <127.0.0.1> PUT /home/cornel/.ansible/tmp/ansible-local-27827p8vm3lff/tmpdpedd73x TO /home/cornel/.ansible/tmp/ansible-tmp-1789106173.0877583-27831-29029058878690/AnsiballZ_my_api.py
2026-09-11 08:56:13,096 p=27827 u=cornel n=ansible INFO| <127.0.0.1> EXEC /bin/sh -c 'chmod u+rwx /home/cornel/.ansible/tmp/ansible-tmp-1789106173.0877583-27831-29029058878690/ /home/cornel/.ansible/tmp/ansible-tmp-1789106173.0877583-27831-29029058878690/AnsiballZ_my_api.py && sleep 0'
2026-09-11 08:56:13,099 p=27827 u=cornel n=ansible INFO| <127.0.0.1> EXEC /bin/sh -c '/usr/bin/python3 /home/cornel/.ansible/tmp/ansible-tmp-1789106173.0877583-27831-29029058878690/AnsiballZ_my_api.py && sleep 0'
2026-09-11 08:56:13,452 p=27827 u=cornel n=ansible INFO| <127.0.0.1> EXEC /bin/sh -c 'rm -f -r /home/cornel/.ansible/tmp/ansible-tmp-1789106173.0877583-27831-29029058878690/ > /dev/null 2>&1 && sleep 0'
2026-09-11 08:56:13,457 p=27827 u=cornel n=ansible INFO| changed: [localhost] => (item={'username': 'jane_smith', 'first_name': 'Jane', 'last_name': 'Smith', 'email': 'jane.smith@alienware.loc', 'is_superuser': True}) => {
    "ansible_loop_var": "item",
    "changed": true,
    "invocation": {
        "module_args": {
            "api_version": "api/v2",
            "auto_pagination": false,
            "base_url": "https://tower.alienware.loc",
            "data": {
                "email": "jane.smith@alienware.loc",
                "first_name": "Jane",
                "is_superuser": true,
                "is_system_auditor": false,
                "last_name": "Smith",
                "password": "InitialSecurePassword2026!",
                "username": "jane_smith"
            },
            "dump_structure": false,
            "endpoint": "/users/",
            "max_retries": 3,
            "method": "POST",
            "password": "VALUE_SPECIFIED_IN_NO_LOG_PARAMETER",
            "retry_delay": 5,
            "token": null,
            "username": "admin",
            "validate_certs": false
        }
    },
    "item": {
        "email": "jane.smith@alienware.loc",
        "first_name": "Jane",
        "is_superuser": true,
        "last_name": "Smith",
        "username": "jane_smith"
    },
    "json": {
        "auth": [],
        "created": "2026-09-11T05:56:13.336487Z",
        "email": "jane.smith@alienware.loc",
        "external_account": null,
        "first_name": "Jane",
        "id": 4,
        "is_superuser": true,
        "is_system_auditor": false,
        "last_login": null,
        "last_name": "Smith",
        "ldap_dn": "",
        "modified": null,
        "password": "$encrypted$",
        "related": {
            "access_list": "/api/v2/users/4/access_list/",
            "activity_stream": "/api/v2/users/4/activity_stream/",
            "admin_of_organizations": "/api/v2/users/4/admin_of_organizations/",
            "authorized_tokens": "/api/v2/users/4/authorized_tokens/",
            "credentials": "/api/v2/users/4/credentials/",
            "named_url": "/api/v2/users/jane_smith/",
            "organizations": "/api/v2/users/4/organizations/",
            "personal_tokens": "/api/v2/users/4/personal_tokens/",
            "projects": "/api/v2/users/4/projects/",
            "roles": "/api/v2/users/4/roles/",
            "teams": "/api/v2/users/4/teams/",
            "tokens": "/api/v2/users/4/tokens/"
        },
        "summary_fields": {
            "resource": {
                "ansible_id": "637bd5dc-61b3-4521-86d3-0c6e8605ea18",
                "resource_type": "shared.user"
            },
            "user_capabilities": {
                "delete": true,
                "edit": true
            }
        },
        "type": "user",
        "url": "/api/v2/users/4/",
        "username": "jane_smith"
    },
    "meta": null,
    "status": 201
}
2026-09-11 08:56:13,459 p=27827 u=cornel n=ansible INFO| <127.0.0.1> EXEC /bin/sh -c 'echo ~cornel && sleep 0'
2026-09-11 08:56:13,463 p=27827 u=cornel n=ansible INFO| <127.0.0.1> EXEC /bin/sh -c '( umask 77 && mkdir -p "` echo /home/cornel/.ansible/tmp `"&& mkdir "` echo /home/cornel/.ansible/tmp/ansible-tmp-1789106173.4628382-27831-243999894736209 `" && echo ansible-tmp-1789106173.4628382-27831-243999894736209="` echo /home/cornel/.ansible/tmp/ansible-tmp-1789106173.4628382-27831-243999894736209 `" ) && sleep 0'
2026-09-11 08:56:13,469 p=27827 u=cornel n=ansible INFO| Using module file /home/cornel/ansible-api-module/library/my_api.py
2026-09-11 08:56:13,469 p=27827 u=cornel n=ansible INFO| <127.0.0.1> PUT /home/cornel/.ansible/tmp/ansible-local-27827p8vm3lff/tmpxupifkqa TO /home/cornel/.ansible/tmp/ansible-tmp-1789106173.4628382-27831-243999894736209/AnsiballZ_my_api.py
2026-09-11 08:56:13,469 p=27827 u=cornel n=ansible INFO| <127.0.0.1> EXEC /bin/sh -c 'chmod u+rwx /home/cornel/.ansible/tmp/ansible-tmp-1789106173.4628382-27831-243999894736209/ /home/cornel/.ansible/tmp/ansible-tmp-1789106173.4628382-27831-243999894736209/AnsiballZ_my_api.py && sleep 0'
2026-09-11 08:56:13,473 p=27827 u=cornel n=ansible INFO| <127.0.0.1> EXEC /bin/sh -c '/usr/bin/python3 /home/cornel/.ansible/tmp/ansible-tmp-1789106173.4628382-27831-243999894736209/AnsiballZ_my_api.py && sleep 0'
2026-09-11 08:56:13,817 p=27827 u=cornel n=ansible INFO| <127.0.0.1> EXEC /bin/sh -c 'rm -f -r /home/cornel/.ansible/tmp/ansible-tmp-1789106173.4628382-27831-243999894736209/ > /dev/null 2>&1 && sleep 0'
2026-09-11 08:56:13,822 p=27827 u=cornel n=ansible INFO| changed: [localhost] => (item={'username': 'andrei_popescu', 'first_name': 'Andrei', 'last_name': 'Popescu', 'email': 'andrei.popescu@alienware.loc', 'is_superuser': False}) => {
    "ansible_loop_var": "item",
    "changed": true,
    "invocation": {
        "module_args": {
            "api_version": "api/v2",
            "auto_pagination": false,
            "base_url": "https://tower.alienware.loc",
            "data": {
                "email": "andrei.popescu@alienware.loc",
                "first_name": "Andrei",
                "is_superuser": false,
                "is_system_auditor": false,
                "last_name": "Popescu",
                "password": "InitialSecurePassword2026!",
                "username": "andrei_popescu"
            },
            "dump_structure": false,
            "endpoint": "/users/",
            "max_retries": 3,
            "method": "POST",
            "password": "VALUE_SPECIFIED_IN_NO_LOG_PARAMETER",
            "retry_delay": 5,
            "token": null,
            "username": "admin",
            "validate_certs": false
        }
    },
    "item": {
        "email": "andrei.popescu@alienware.loc",
        "first_name": "Andrei",
        "is_superuser": false,
        "last_name": "Popescu",
        "username": "andrei_popescu"
    },
    "json": {
        "auth": [],
        "created": "2026-09-11T05:56:13.698916Z",
        "email": "andrei.popescu@alienware.loc",
        "external_account": null,
        "first_name": "Andrei",
        "id": 5,
        "is_superuser": false,
        "is_system_auditor": false,
        "last_login": null,
        "last_name": "Popescu",
        "ldap_dn": "",
        "modified": null,
        "password": "$encrypted$",
        "related": {
            "access_list": "/api/v2/users/5/access_list/",
            "activity_stream": "/api/v2/users/5/activity_stream/",
            "admin_of_organizations": "/api/v2/users/5/admin_of_organizations/",
            "authorized_tokens": "/api/v2/users/5/authorized_tokens/",
            "credentials": "/api/v2/users/5/credentials/",
            "named_url": "/api/v2/users/andrei_popescu/",
            "organizations": "/api/v2/users/5/organizations/",
            "personal_tokens": "/api/v2/users/5/personal_tokens/",
            "projects": "/api/v2/users/5/projects/",
            "roles": "/api/v2/users/5/roles/",
            "teams": "/api/v2/users/5/teams/",
            "tokens": "/api/v2/users/5/tokens/"
        },
        "summary_fields": {
            "resource": {
                "ansible_id": "e9fdb75f-1402-441f-a0b9-d00ca211a036",
                "resource_type": "shared.user"
            },
            "user_capabilities": {
                "delete": true,
                "edit": true
            }
        },
        "type": "user",
        "url": "/api/v2/users/5/",
        "username": "andrei_popescu"
    },
    "meta": null,
    "status": 201
}
2026-09-11 08:56:13,825 p=27827 u=cornel n=ansible INFO| TASK [Print summary of successfully created users] ***********************************************************************************************************************************************************************************************************
2026-09-11 08:56:13,825 p=27827 u=cornel n=ansible INFO| task path: /home/cornel/ansible-api-module/simple_users_test.yml:48
2026-09-11 08:56:13,837 p=27827 u=cornel n=ansible INFO| ok: [localhost] => (item={'changed': True, 'json': {'id': 3, 'type': 'user', 'url': '/api/v2/users/3/', 'related': {'named_url': '/api/v2/users/john_doe/', 'teams': '/api/v2/users/3/teams/', 'organizations': '/api/v2/users/3/organizations/', 'admin_of_organizations': '/api/v2/users/3/admin_of_organizations/', 'projects': '/api/v2/users/3/projects/', 'credentials': '/api/v2/users/3/credentials/', 'roles': '/api/v2/users/3/roles/', 'activity_stream': '/api/v2/users/3/activity_stream/', 'access_list': '/api/v2/users/3/access_list/', 'tokens': '/api/v2/users/3/tokens/', 'authorized_tokens': '/api/v2/users/3/authorized_tokens/', 'personal_tokens': '/api/v2/users/3/personal_tokens/'}, 'summary_fields': {'resource': {'ansible_id': 'd4cc6df1-ceb5-429d-a8fb-37f6d2e547b5', 'resource_type': 'shared.user'}, 'user_capabilities': {'edit': True, 'delete': True}}, 'created': '2026-09-11T05:56:12.963272Z', 'modified': None, 'username': 'john_doe', 'first_name': 'John', 'last_name': 'Doe', 'email': 'john.doe@alienware.loc', 'is_superuser': False, 'is_system_auditor': False, 'password': '$encrypted$', 'ldap_dn': '', 'last_login': None, 'external_account': None, 'auth': []}, 'meta': None, 'status': 201, 'invocation': {'module_args': {'api_version': 'api/v2', 'base_url': 'https://tower.alienware.loc', 'data': {'username': 'john_doe', 'password': 'InitialSecurePassword2026!', 'first_name': 'John', 'last_name': 'Doe', 'email': 'john.doe@alienware.loc', 'is_superuser': False, 'is_system_auditor': False}, 'endpoint': '/users/', 'method': 'POST', 'password': 'VALUE_SPECIFIED_IN_NO_LOG_PARAMETER', 'username': 'admin', 'validate_certs': False, 'dump_structure': False, 'auto_pagination': False, 'max_retries': 3, 'retry_delay': 5, 'token': None}}, 'failed': False, 'item': {'username': 'john_doe', 'first_name': 'John', 'last_name': 'Doe', 'email': 'john.doe@alienware.loc', 'is_superuser': False}, 'ansible_loop_var': 'item'}) => {
    "msg": "Successfully created user 'john_doe' with ID 3 (HTTP Status: 201)"
}
2026-09-11 08:56:13,839 p=27827 u=cornel n=ansible INFO| ok: [localhost] => (item={'changed': True, 'json': {'id': 4, 'type': 'user', 'url': '/api/v2/users/4/', 'related': {'named_url': '/api/v2/users/jane_smith/', 'teams': '/api/v2/users/4/teams/', 'organizations': '/api/v2/users/4/organizations/', 'admin_of_organizations': '/api/v2/users/4/admin_of_organizations/', 'projects': '/api/v2/users/4/projects/', 'credentials': '/api/v2/users/4/credentials/', 'roles': '/api/v2/users/4/roles/', 'activity_stream': '/api/v2/users/4/activity_stream/', 'access_list': '/api/v2/users/4/access_list/', 'tokens': '/api/v2/users/4/tokens/', 'authorized_tokens': '/api/v2/users/4/authorized_tokens/', 'personal_tokens': '/api/v2/users/4/personal_tokens/'}, 'summary_fields': {'resource': {'ansible_id': '637bd5dc-61b3-4521-86d3-0c6e8605ea18', 'resource_type': 'shared.user'}, 'user_capabilities': {'edit': True, 'delete': True}}, 'created': '2026-09-11T05:56:13.336487Z', 'modified': None, 'username': 'jane_smith', 'first_name': 'Jane', 'last_name': 'Smith', 'email': 'jane.smith@alienware.loc', 'is_superuser': True, 'is_system_auditor': False, 'password': '$encrypted$', 'ldap_dn': '', 'last_login': None, 'external_account': None, 'auth': []}, 'meta': None, 'status': 201, 'invocation': {'module_args': {'api_version': 'api/v2', 'base_url': 'https://tower.alienware.loc', 'data': {'username': 'jane_smith', 'password': 'InitialSecurePassword2026!', 'first_name': 'Jane', 'last_name': 'Smith', 'email': 'jane.smith@alienware.loc', 'is_superuser': True, 'is_system_auditor': False}, 'endpoint': '/users/', 'method': 'POST', 'password': 'VALUE_SPECIFIED_IN_NO_LOG_PARAMETER', 'username': 'admin', 'validate_certs': False, 'dump_structure': False, 'auto_pagination': False, 'max_retries': 3, 'retry_delay': 5, 'token': None}}, 'failed': False, 'item': {'username': 'jane_smith', 'first_name': 'Jane', 'last_name': 'Smith', 'email': 'jane.smith@alienware.loc', 'is_superuser': True}, 'ansible_loop_var': 'item'}) => {
    "msg": "Successfully created user 'jane_smith' with ID 4 (HTTP Status: 201)"
}
2026-09-11 08:56:13,842 p=27827 u=cornel n=ansible INFO| ok: [localhost] => (item={'changed': True, 'json': {'id': 5, 'type': 'user', 'url': '/api/v2/users/5/', 'related': {'named_url': '/api/v2/users/andrei_popescu/', 'teams': '/api/v2/users/5/teams/', 'organizations': '/api/v2/users/5/organizations/', 'admin_of_organizations': '/api/v2/users/5/admin_of_organizations/', 'projects': '/api/v2/users/5/projects/', 'credentials': '/api/v2/users/5/credentials/', 'roles': '/api/v2/users/5/roles/', 'activity_stream': '/api/v2/users/5/activity_stream/', 'access_list': '/api/v2/users/5/access_list/', 'tokens': '/api/v2/users/5/tokens/', 'authorized_tokens': '/api/v2/users/5/authorized_tokens/', 'personal_tokens': '/api/v2/users/5/personal_tokens/'}, 'summary_fields': {'resource': {'ansible_id': 'e9fdb75f-1402-441f-a0b9-d00ca211a036', 'resource_type': 'shared.user'}, 'user_capabilities': {'edit': True, 'delete': True}}, 'created': '2026-09-11T05:56:13.698916Z', 'modified': None, 'username': 'andrei_popescu', 'first_name': 'Andrei', 'last_name': 'Popescu', 'email': 'andrei.popescu@alienware.loc', 'is_superuser': False, 'is_system_auditor': False, 'password': '$encrypted$', 'ldap_dn': '', 'last_login': None, 'external_account': None, 'auth': []}, 'meta': None, 'status': 201, 'invocation': {'module_args': {'api_version': 'api/v2', 'base_url': 'https://tower.alienware.loc', 'data': {'username': 'andrei_popescu', 'password': 'InitialSecurePassword2026!', 'first_name': 'Andrei', 'last_name': 'Popescu', 'email': 'andrei.popescu@alienware.loc', 'is_superuser': False, 'is_system_auditor': False}, 'endpoint': '/users/', 'method': 'POST', 'password': 'VALUE_SPECIFIED_IN_NO_LOG_PARAMETER', 'username': 'admin', 'validate_certs': False, 'dump_structure': False, 'auto_pagination': False, 'max_retries': 3, 'retry_delay': 5, 'token': None}}, 'failed': False, 'item': {'username': 'andrei_popescu', 'first_name': 'Andrei', 'last_name': 'Popescu', 'email': 'andrei.popescu@alienware.loc', 'is_superuser': False}, 'ansible_loop_var': 'item'}) => {
    "msg": "Successfully created user 'andrei_popescu' with ID 5 (HTTP Status: 201)"
}
2026-09-11 08:56:13,843 p=27827 u=cornel n=ansible INFO| PLAY RECAP ***************************************************************************************************************************************************************************************************************************************************
2026-09-11 08:56:13,843 p=27827 u=cornel n=ansible INFO| localhost                  : ok=2    changed=1    unreachable=0    failed=0    skipped=0    rescued=0    ignored=0   
2026-09-11 09:14:17,466 p=14239 u=cornel n=ansible WARNING| [WARNING]: my-api was not found

